[debug] [2026-05-30T10:29:48.942Z] ----------------------------------------------------------------------
[debug] [2026-05-30T10:29:48.945Z] Command:       C:\Program Files\nodejs\node.exe C:\Users\rishi\AppData\Roaming\npm\node_modules\firebase-tools\lib\bin\firebase.js init
[debug] [2026-05-30T10:29:48.946Z] CLI Version:   15.19.0
[debug] [2026-05-30T10:29:48.946Z] Platform:      win32
[debug] [2026-05-30T10:29:48.946Z] Node Version:  v24.2.0
[debug] [2026-05-30T10:29:48.946Z] Time:          Sat May 30 2026 15:59:48 GMT+0530 (India Standard Time)
[debug] [2026-05-30T10:29:48.946Z] ----------------------------------------------------------------------
[debug] 
[info] 
     ######## #### ########  ######## ########     ###     ######  ########
     ##        ##  ##     ## ##       ##     ##  ##   ##  ##       ##
     ######    ##  ########  ######   ########  #########  ######  ######
     ##        ##  ##    ##  ##       ##     ## ##     ##       ## ##
     ##       #### ##     ## ######## ########  ##     ##  ######  ########

You're about to initialize a Firebase project in this directory:

  C:\Users\rishi\onedrive\desktop\hospital-management

[debug] [2026-05-30T10:41:08.434Z] ExitPromptError: User force closed the prompt with SIGINT
    at Interface.sigint (C:\Users\rishi\AppData\Roaming\npm\node_modules\firebase-tools\node_modules\@inquirer\core\dist\commonjs\lib\create-prompt.js:101:37)
    at Interface.emit (node:events:507:28)
    at [_ttyWrite] [as _ttyWrite] (node:internal/readline/interface:1315:18)
    at ReadStream.onkeypress (node:internal/readline/interface:284:20)
    at ReadStream.emit (node:events:519:35)
    at emitKeys (node:internal/readline/utils:371:14)
    at emitKeys.next (<anonymous>)
    at ReadStream.onData (node:internal/readline/emitKeypressEvents:64:36)
    at ReadStream.emit (node:events:507:28)
    at addChunk (node:internal/streams/readable:559:12)
[error] 
[error] Error: An unexpected error has occurred.
